
> avanyaa-fashion@1.0.0 build
> next build

   ▲ Next.js 14.1.0
   - Environments: .env

   Creating an optimized production build ...
Compiler edge-server unexpectedly exited with code: null and signal: SIGTERM
 ✓ Compiled successfully
   Linting and checking validity of types ...

Failed to compile.

./app/admin/banners/new/page.tsx
170:21  Warning: Using `<img>` could result in slower LCP and higher bandwidth. Consider using `<Image />` from `next/image` to automatically optimize images. This may incur additional usage or cost from your provider. See: https://nextjs.org/docs/messages/no-img-element  @next/next/no-img-element

./app/admin/categories/edit/[id]/page.tsx
45:6  Warning: React Hook useEffect has a missing dependency: 'toast'. Either include it or remove the dependency array.  react-hooks/exhaustive-deps
132:21  Warning: Using `<img>` could result in slower LCP and higher bandwidth. Consider using `<Image />` from `next/image` to automatically optimize images. This may incur additional usage or cost from your provider. See: https://nextjs.org/docs/messages/no-img-element  @next/next/no-img-element

./app/admin/homepage/edit/[id]/page.tsx
65:15  Warning: Using `<img>` could result in slower LCP and higher bandwidth. Consider using `<Image />` from `next/image` to automatically optimize images. This may incur additional usage or cost from your provider. See: https://nextjs.org/docs/messages/no-img-element  @next/next/no-img-element
177:6  Warning: React Hook useEffect has a missing dependency: 'toast'. Either include it or remove the dependency array.  react-hooks/exhaustive-deps
468:32  Warning: Using `<img>` could result in slower LCP and higher bandwidth. Consider using `<Image />` from `next/image` to automatically optimize images. This may incur additional usage or cost from your provider. See: https://nextjs.org/docs/messages/no-img-element  @next/next/no-img-element
494:34  Warning: Using `<img>` could result in slower LCP and higher bandwidth. Consider using `<Image />` from `next/image` to automatically optimize images. This may incur additional usage or cost from your provider. See: https://nextjs.org/docs/messages/no-img-element  @next/next/no-img-element

./app/admin/homepage/new/page.tsx
195:25  Warning: Using `<img>` could result in slower LCP and higher bandwidth. Consider using `<Image />` from `next/image` to automatically optimize images. This may incur additional usage or cost from your provider. See: https://nextjs.org/docs/messages/no-img-element  @next/next/no-img-element
229:25  Warning: Using `<img>` could result in slower LCP and higher bandwidth. Consider using `<Image />` from `next/image` to automatically optimize images. This may incur additional usage or cost from your provider. See: https://nextjs.org/docs/messages/no-img-element  @next/next/no-img-element

./app/admin/inventory/history/page.tsx
51:8  Warning: React Hook useEffect has a missing dependency: 'fetchHistory'. Either include it or remove the dependency array.  react-hooks/exhaustive-deps

./app/admin/orders/[id]/page.tsx
124:6  Warning: React Hook useEffect has a missing dependency: 'toast'. Either include it or remove the dependency array.  react-hooks/exhaustive-deps

./app/admin/products/edit/[id]/page.tsx
47:6  Warning: React Hook useEffect has a missing dependency: 'fetchProduct'. Either include it or remove the dependency array.  react-hooks/exhaustive-deps
99:6  Warning: React Hook useEffect has a missing dependency: 'sectionTypesWithProducts'. Either include it or remove the dependency array.  react-hooks/exhaustive-deps
640:21  Warning: Using `<img>` could result in slower LCP and higher bandwidth. Consider using `<Image />` from `next/image` to automatically optimize images. This may incur additional usage or cost from your provider. See: https://nextjs.org/docs/messages/no-img-element  @next/next/no-img-element
691:23  Warning: Using `<img>` could result in slower LCP and higher bandwidth. Consider using `<Image />` from `next/image` to automatically optimize images. This may incur additional usage or cost from your provider. See: https://nextjs.org/docs/messages/no-img-element  @next/next/no-img-element

./app/admin/products/new/page.tsx
80:6  Warning: React Hook useEffect has a missing dependency: 'sectionTypesWithProducts'. Either include it or remove the dependency array.  react-hooks/exhaustive-deps
579:21  Warning: Using `<img>` could result in slower LCP and higher bandwidth. Consider using `<Image />` from `next/image` to automatically optimize images. This may incur additional usage or cost from your provider. See: https://nextjs.org/docs/messages/no-img-element  @next/next/no-img-element
630:23  Warning: Using `<img>` could result in slower LCP and higher bandwidth. Consider using `<Image />` from `next/image` to automatically optimize images. This may incur additional usage or cost from your provider. See: https://nextjs.org/docs/messages/no-img-element  @next/next/no-img-element

./app/admin/reviews/page.tsx
93:6  Warning: React Hook useEffect has a missing dependency: 'fetchReviews'. Either include it or remove the dependency array.  react-hooks/exhaustive-deps

./app/admin/tags/[id]/page.tsx
66:6  Warning: React Hook useEffect has a missing dependency: 'toast'. Either include it or remove the dependency array.  react-hooks/exhaustive-deps
208:32  Warning: Using `<img>` could result in slower LCP and higher bandwidth. Consider using `<Image />` from `next/image` to automatically optimize images. This may incur additional usage or cost from your provider. See: https://nextjs.org/docs/messages/no-img-element  @next/next/no-img-element
227:34  Warning: Using `<img>` could result in slower LCP and higher bandwidth. Consider using `<Image />` from `next/image` to automatically optimize images. This may incur additional usage or cost from your provider. See: https://nextjs.org/docs/messages/no-img-element  @next/next/no-img-element

./app/admin/users/page.tsx
42:38  Warning: React Hook useEffect has a missing dependency: 'fetchUsers'. Either include it or remove the dependency array.  react-hooks/exhaustive-deps

./app/auth/forgot-password/page.tsx
50:44  Error: `'` can be escaped with `&apos;`, `&lsquo;`, `&#39;`, `&rsquo;`.  react/no-unescaped-entities

./app/cart/page.tsx
69:6  Warning: React Hook useEffect has missing dependencies: 'items' and 'updateStock'. Either include them or remove the dependency array.  react-hooks/exhaustive-deps

./app/checkout/page.tsx
164:6  Warning: React Hook useEffect has missing dependencies: 'items' and 'updateStock'. Either include them or remove the dependency array.  react-hooks/exhaustive-deps
595:35  Warning: Using `<img>` could result in slower LCP and higher bandwidth. Consider using `<Image />` from `next/image` to automatically optimize images. This may incur additional usage or cost from your provider. See: https://nextjs.org/docs/messages/no-img-element  @next/next/no-img-element
614:39  Warning: Using `<img>` could result in slower LCP and higher bandwidth. Consider using `<Image />` from `next/image` to automatically optimize images. This may incur additional usage or cost from your provider. See: https://nextjs.org/docs/messages/no-img-element  @next/next/no-img-element

./app/contact/page.tsx
200:37  Warning: Using `<img>` could result in slower LCP and higher bandwidth. Consider using `<Image />` from `next/image` to automatically optimize images. This may incur additional usage or cost from your provider. See: https://nextjs.org/docs/messages/no-img-element  @next/next/no-img-element

./app/products/page.tsx
79:6  Warning: React Hook useEffect has a missing dependency: 'fetchProducts'. Either include it or remove the dependency array.  react-hooks/exhaustive-deps

./app/products/[slug]/page.tsx
55:6  Warning: React Hook useEffect has a missing dependency: 'fetchProduct'. Either include it or remove the dependency array.  react-hooks/exhaustive-deps

./app/wishlist/page.tsx
23:6  Warning: React Hook useEffect has a missing dependency: 'fetchWishlist'. Either include it or remove the dependency array.  react-hooks/exhaustive-deps

info  - Need to disable some ESLint rules? Learn more here: https://nextjs.org/docs/basic-features/eslint#disabling-rules
